[backblue.gif]
[fade.gif]
[index.html]
[cdnjs.cloudflare.com/ajax/libs/font-awesome/4.3.0/css/font-awesome.min.css]
[cdnjs.cloudflare.com/ajax/libs/simple-line-icons/2.5.5/css/simple-line-icons.min.css]
[maxcdn.bootstrapcdn.com/bootstrap/3.3.5/css/bootstrap.min.css]
[simbg.pu.go.id_443/assets/admin/layout3/images/LogoPUPR.png]
[simbg.pu.go.id_443/assets/gambar/47860.jpg]
[simbg.pu.go.id_443/assets/gambar/kemenpu3.png]
[cdnjs.cloudflare.com/ajax/libs/jquery/2.0.1/jquery.min.js]
[cdnjs.cloudflare.com/ajax/libs/jqueryui/1.11.2/jquery-ui.min.js]
[maxcdn.bootstrapcdn.com/bootstrap/3.3.5/js/bootstrap.min.js]
[cdnjs.cloudflare.com/ajax/libs/jquery.blockUI/2.66.0-2013.10.09/jquery.blockUI.min.js]
[simbg.pu.go.id/Main/VerifikasiPBG/SK-PBG-320301-19042022-001.html]
[simbg.pu.go.id_443/assets/css.css]
[cdnjs.cloudflare.com/ajax/libs/font-awesome/4.3.0/css/font-awesome.min.css]
[cdnjs.cloudflare.com/ajax/libs/simple-line-icons/2.5.5/css/simple-line-icons.min.css]
[maxcdn.bootstrapcdn.com/bootstrap/3.3.5/css/bootstrap.min.css]
[simbg.pu.go.id_443/assets/global/plugins/uniform/images/sprite.png]
[simbg.pu.go.id_443/assets/global/plugins/uniform/images/bg-input.png]
[simbg.pu.go.id_443/assets/global/plugins/uniform/images/bg-input-focus.png]
[simbg.pu.go.id_443/assets/global/plugins/uniform/css/uniform.default.css]
[simbg.pu.go.id_443/assets/global/plugins/bootstrap-switch/css/bootstrap-switch.min.css]
[simbg.pu.go.id_443/assets/global/plugins/bootstrap-fileinput/bootstrap-fileinput.css]
[simbg.pu.go.id_443/assets/global/plugins/bootstrap-modal/css/bootstrap-modal-bs3patch.css]
[simbg.pu.go.id_443/assets/global/plugins/bootstrap-modal/css/bootstrap-modal.css]
[simbg.pu.go.id_443/assets/admin/pages/css/news.css]
[simbg.pu.go.id_443/assets/global/plugins/fancybox/source/fancybox_sprite.png]
[simbg.pu.go.id_443/assets/global/plugins/fancybox/source/fancybox_loading.gif]
[simbg.pu.go.id_443/assets/global/plugins/fancybox/source/blank.gif]
[simbg.pu.go.id_443/assets/global/plugins/fancybox/source/fancybox_overlay.png]
[simbg.pu.go.id_443/assets/global/plugins/fancybox/source/jquery.fancybox.css]
[simbg.pu.go.id_443/assets/admin/pages/css/portfolio.css]
[simbg.pu.go.id_443/assets/global/img/remove-icon-small.png]
[simbg.pu.go.id_443/assets/global/img/input-spinner.gif]
[simbg.pu.go.id_443/assets/global/img/syncfusion-icons.png]
[simbg.pu.go.id_443/assets/global/img/syncfusion-icons-white.png]
[simbg.pu.go.id_443/assets/global/img/accordion-plusminus.png]
[simbg.pu.go.id_443/assets/global/img/portlet-remove-icon.png]
[simbg.pu.go.id_443/assets/global/img/portlet-config-icon.png]
[simbg.pu.go.id_443/assets/global/img/portlet-reload-icon.png]
[simbg.pu.go.id_443/assets/global/img/portlet-expand-icon.png]
[simbg.pu.go.id_443/assets/global/img/portlet-collapse-icon.png]
[simbg.pu.go.id_443/assets/global/img/portlet-remove-icon-white.png]
[simbg.pu.go.id_443/assets/global/img/portlet-config-icon-white.png]
[simbg.pu.go.id_443/assets/global/img/portlet-reload-icon-white.png]
[simbg.pu.go.id_443/assets/global/img/portlet-expand-icon-white.png]
[simbg.pu.go.id_443/assets/global/img/portlet-collapse-icon-white.png]
[simbg.pu.go.id_443/assets/global/img/social/amazon.png]
[simbg.pu.go.id_443/assets/global/img/social/behance.png]
[simbg.pu.go.id_443/assets/global/img/social/blogger.png]
[simbg.pu.go.id_443/assets/global/img/social/deviantart.png]
[simbg.pu.go.id_443/assets/global/img/social/dribbble.png]
[simbg.pu.go.id_443/assets/global/img/social/dropbox.png]
[simbg.pu.go.id_443/assets/global/img/social/evernote.png]
[simbg.pu.go.id_443/assets/global/img/social/facebook.png]
[simbg.pu.go.id_443/assets/global/img/social/forrst.png]
[simbg.pu.go.id_443/assets/global/img/social/github.png]
[simbg.pu.go.id_443/assets/global/img/social/googleplus.png]
[simbg.pu.go.id_443/assets/global/img/social/jolicloud.png]
[simbg.pu.go.id_443/assets/global/img/social/last-fm.png]
[simbg.pu.go.id_443/assets/global/img/social/linkedin.png]
[simbg.pu.go.id_443/assets/global/img/social/picasa.png]
[simbg.pu.go.id_443/assets/global/img/social/pintrest.png]
[simbg.pu.go.id_443/assets/global/img/social/rss.png]
[simbg.pu.go.id_443/assets/global/img/social/skype.png]
[simbg.pu.go.id_443/assets/global/img/social/spotify.png]
[simbg.pu.go.id_443/assets/global/img/social/stumbleupon.png]
[simbg.pu.go.id_443/assets/global/img/social/tumblr.png]
[simbg.pu.go.id_443/assets/global/img/social/twitter.png]
[simbg.pu.go.id_443/assets/global/img/social/vimeo.png]
[simbg.pu.go.id_443/assets/global/img/social/wordpress.png]
[simbg.pu.go.id_443/assets/global/img/social/xing.png]
[simbg.pu.go.id_443/assets/global/img/social/yahoo.png]
[simbg.pu.go.id_443/assets/global/img/social/youtube.png]
[simbg.pu.go.id_443/assets/global/img/social/vk.png]
[simbg.pu.go.id_443/assets/global/img/social/instagram.png]
[simbg.pu.go.id_443/assets/global/img/social/reddit.png]
[simbg.pu.go.id_443/assets/global/img/social/aboutme.png]
[simbg.pu.go.id_443/assets/global/img/social/flickr.png]
[simbg.pu.go.id_443/assets/global/img/social/foursquare.png]
[simbg.pu.go.id_443/assets/global/img/social/gravatar.png]
[simbg.pu.go.id_443/assets/global/img/social/klout.png]
[simbg.pu.go.id_443/assets/global/img/social/myspace.png]
[simbg.pu.go.id_443/assets/global/img/social/quora.png]
[simbg.pu.go.id_443/assets/admin/layout7/img/02.jpg]
[simbg.pu.go.id_443/assets/admin/layout7/img/01.jpg]
[simbg.pu.go.id_443/assets/admin/layout7/img/06.jpg]
[simbg.pu.go.id_443/assets/admin/layout7/img/03.jpg]
[simbg.pu.go.id_443/assets/admin/layout7/img/04.jpg]
[simbg.pu.go.id_443/assets/global/css/components-rounded.css]
[simbg.pu.go.id_443/assets/global/img/datatable-row-openclose.png]
[simbg.pu.go.id_443/assets/global/css/plugins.css]
[simbg.pu.go.id_443/assets/admin/layout3/img/menu-toggler.png]
[simbg.pu.go.id_443/assets/admin/layout3/css/layout.css]
[simbg.pu.go.id_443/assets/admin/layout3/css/themes/blue-steel.css]
[simbg.pu.go.id_443/assets/admin/layout3/css/custom.css]
[simbg.pu.go.id_443/assets/global/plugins/jquery-migrate.min.js]
[simbg.pu.go.id_443/assets/global/plugins/bootstrap-hover-dropdown/bootstrap-hover-dropdown.min.js]
[simbg.pu.go.id_443/assets/global/plugins/jquery-slimscroll/jquery.slimscroll.min.js]
[simbg.pu.go.id_443/assets/global/plugins/jquery.cokie.min.js]
[simbg.pu.go.id_443/assets/global/plugins/uniform/jquery.uniform.min.js]
[simbg.pu.go.id_443/assets/global/plugins/bootstrap-switch/js/bootstrap-switch.min.js]
[simbg.pu.go.id_443/assets/global/scripts/metronic.js]
[simbg.pu.go.id_443/assets/admin/pages/scripts/index.js]
[simbg.pu.go.id_443/assets/admin/layout3/scripts/layout.js]
[simbg.pu.go.id_443/assets/admin/layout3/scripts/demo.js]
[simbg.pu.go.id_443/assets/admin/pages/scripts/ui-extended-modals.js]
[simbg.pu.go.id_443/assets/admin/pages/scripts/ui-blockui.js]
[simbg.pu.go.id_443/assets/global/plugins/bootstrap-fileinput/bootstrap-fileinput.js]
[simbg.pu.go.id_443/assets/global/plugins/bootstrap-modal/js/bootstrap-modalmanager.js]
[simbg.pu.go.id_443/assets/global/plugins/bootstrap-modal/js/bootstrap-modal.js]
[simbg.pu.go.id_443/assets/global/plugins/jquery-validation/js/jquery.validate.min.js]
[simbg.pu.go.id_443/assets/global/jquery-validate/captcha/validasiform.js]
[simbg.pu.go.id_443/assets/global/plugins/jquery-mixitup/jquery.mixitup.min.js]
[simbg.pu.go.id_443/assets/global/plugins/fancybox/source/jquery.fancybox.pack.js]
[simbg.pu.go.id_443/assets/admin/pages/scripts/portfolio.js]
[simbg.pu.go.id/Main/VerifikasiPBG/global/img/index.html]
[simbg.pu.go.id/Main/VerifikasiPBG/global/plugins/index.html]
[simbg.pu.go.id/Main/VerifikasiPBG/global/css/index.html]
[simbg.pu.go.id/Main/VerifikasiPBG/admin/layout3/img/index.html]
[simbg.pu.go.id/Main/VerifikasiPBG/admin/layout3/css/index.html]
[simbg.pu.go.id/Main/VerifikasiPBG/ui_extended_modals_ajax_sample.html]
